// Jest Snapshot v1, https://goo.gl/fbAQLP

exports[`Odometer component tests When mounted Renders correctly 1`] = `
<Component
  action="turn"
  duration={700}
  end={5.1}
  prefix="$"
  start={4.55}
  startAnim={true}
>
  <Styled(div)>
    <div
      className="css-i6bazn"
    >
      <Styled(div)
        key="prefix"
      >
        <div
          className="css-1d4o148"
        >
          <Styled(div)
            count={2}
            startAnim={true}
            turnCount={0}
          >
            <div
              className="css-jyp0ze"
            >
              $
            </div>
          </Styled(div)>
        </div>
      </Styled(div)>
      <Styled(div)
        key="0"
      >
        <div
          className="css-1d4o148"
        >
          <Styled(div)
            action="turn"
            count={2}
            duration={700}
            startAnim={true}
            turnCount={1}
          >
            <div
              action="turn"
              className="css-d23gjp"
            >
              4 5
            </div>
          </Styled(div)>
        </div>
      </Styled(div)>
      <Styled(div)
        isDecimal={true}
        key="decimal"
      >
        <div
          className="css-19hk81p"
        >
          <Styled(div)
            count={2}
            startAnim={true}
            turnCount={0}
          >
            <div
              className="css-jyp0ze"
            >
              .
            </div>
          </Styled(div)>
        </div>
      </Styled(div)>
      <Styled(div)
        key="1"
      >
        <div
          className="css-1d4o148"
        >
          <Styled(div)
            action="turn"
            count={2}
            duration={700}
            startAnim={true}
            turnCount={6}
          >
            <div
              action="turn"
              className="css-d23gjp"
            >
              5 6 7 8 9 0 1
            </div>
          </Styled(div)>
        </div>
      </Styled(div)>
      <Styled(div)
        key="2"
      >
        <div
          className="css-1d4o148"
        >
          <Styled(div)
            action="turn"
            count={2}
            duration={700}
            startAnim={true}
            turnCount={55}
          >
            <div
              action="turn"
              className="css-d23gjp"
            >
              5 0 6 1 7 2 8 3 9 4 0
            </div>
          </Styled(div)>
        </div>
      </Styled(div)>
    </div>
  </Styled(div)>
</Component>
`;
